// Jest Snapshot v1, https://goo.gl/fbAQLP

exports[`Guess should render game guess with only screenshot, input guess and pristine guess status 1`] = `
<DocumentFragment>
  <div>
    <a
      href="https://www.retrogames.cz/play_037-SegaMS.php"
      rel="noreferrer"
      target="_blank"
    >
      <img
        alt="Golden Axe"
        data-testid="game-screenshot"
        src="/img/SMS-Golden_Axe.png"
      />
    </a>
  </div>
  <div
    data-testid="guess-status"
  >
    <span
      data-testid="guess-status-pristine"
    >
      take your chance!
    </span>
  </div>
  <input
    data-testid="guess-input"
    placeholder="your guess here"
    type="text"
    value=""
  />
</DocumentFragment>
`;
