// Jest Snapshot v1, https://goo.gl/fbAQLP

exports[`Guess should render game guess with only screenshot and input guess 1`] = `
<DocumentFragment>
  <div>
    <a
      href="https://www.retrogames.cz/play_037-SegaMS.php"
      rel="noreferrer"
      target="_blank"
    >
      <img
        alt="Golden Axe"
        data-testid="game-screenshot"
        src="/img/SMS-Golden_Axe.png"
      />
    </a>
  </div>
  <input
    data-testid="txtGuess"
    placeholder="your guess here"
    type="text"
  />
</DocumentFragment>
`;
